Testing connection to http://98.94.81.73/api/v2/execute...
node : Connection 
Failed!
At line:1 char:1
+ node 
test-connection.js > 
test_output.txt 2>&1
+ ~~~~~~~~~~~~~~~~~~~
~~~~~~~~~~~~~~~~~~~~~
~~~~~~
    + CategoryInfo   
           : NotSpe  
  cified: (Connect   
 ion Failed!:Stri    
ng) [], RemoteEx    
ception
    + FullyQualified 
   ErrorId : Native  
  CommandError
 
Message: connect 
ECONNREFUSED 
98.94.81.73:80
No response 
received. Possible 
timeout or network 
error.
